Microchip MPLAB XC8 Compiler V3.10

Linker command line:

-W-3 \
  --edf=C:\Program Files\Microchip\xc8\v3.10\pic\dat\20250813170317_en.msgs \
  -cn -h+dist/default/production\DIGITAL_KEYPAD.X.production.sym \
  --cmf=dist/default/production\DIGITAL_KEYPAD.X.production.cmf -z \
  -Q18F4580 -oC:\Users\PRANAV\AppData\Local\Temp\xcAs728.0\driver_tmp_3.o \
  --defsym=__MPLAB_BUILD=1 --fixupoverflow=error \
  -Mdist/default/production/DIGITAL_KEYPAD.X.production.map \
  --md=C:\Users\PRANAV\AppData\Local\Temp\xcAs728.0\driver_tmp_0.dat -E1 \
  -ver=XC8 Compiler -ACODE=00h-03000h -ACONST=00h-03000h \
  -ASMALLCONST=0600h-06FFhx42,03000h-03000h -AMEDIUMCONST=0600h-03000h \
  -ACOMRAM=01h-05Fh -AABS1=00h-05FFh -ABIGRAM=01h-05FFh \
  -ARAM=060h-0FFh,0100h-01FFhx5 -ABANK0=060h-0FFh -ABANK1=0100h-01FFh \
  -ABANK2=0200h-02FFh -ABANK3=0300h-03FFh -ABANK4=0400h-04FFh \
  -ABANK5=0500h-05FFh -ASFR=0D00h-0DFFhx2,0F00h-0F5Fh,0F60h-0FFFh \
  -ABIGSFR=0D00h-0FFFh -ACONFIG=0300000h-030000Dh -AIDLOC=0200000h-0200007h \
  -AEEDATA=0F00000h-0F000FFh -peeprom_data=EEDATA \
  -preset_vec=00h,intcode=8h,intcodelo=18h,sivt_lo,sivt_hi=CODE \
  -ppowerup=CODE,init -pramtop=0600h -psmallconst=SMALLCONST \
  -pmediumconst=MEDIUMCONST -pconst=CONST -AFARRAM=00h-00h \
  -prdata=COMRAM,nvrram=COMRAM,nvbit=COMRAM,rbss=COMRAM,rbit=COMRAM \
  -pfarbss=FARRAM,fardata=FARRAM,nvFARRAM=FARRAM \
  -pintsave_regs=BIGRAM,bigbss=BIGRAM,bigdata=BIGRAM -pbss=RAM \
  -pidata=CODE,irdata=CODE,ibigdata=CODE,ifardata=CODE -prparam=COMRAM \
  C:\Users\PRANAV\AppData\Local\Temp\xcAs728.0\driver_tmp_9.o \
  dist/default/production\DIGITAL_KEYPAD.X.production.o 

Object code version is 3.11

Machine type is 18F4580



                Name                               Link     Load   Length Selector   Space Scale
C:\Users\PRANAV\AppData\Local\Temp\xcAs728.0\driver_tmp_9.o
                init                               2FFC     2FFC        4     17FE       0
                reset_vec                             0        0        4        0       0
dist/default/production\DIGITAL_KEYPAD.X.production.o
                smallconst                          600      600        2      300       0
                text7                               964      964        8      301       0
                text6                               95A      95A        A      301       0
                text5                               6DE      6DE       C0      301       0
                text4                               79E      79E       82      301       0
                text3                               8EA      8EA       5A      301       0
                text2                               890      890       5A      301       0
                text1                               820      820       70      301       0
                text0                               602      602       DC      301       0
                cstackCOMRAM                          A        A        3        1       1
                bssCOMRAM                             1        1        9        1       1
                cinit                               944      944       16      301       0

TOTAL           Name                               Link     Load   Length     Space
        CLASS   CODE           
                init                               2FFC     2FFC        4         0
                reset_vec                             0        0        4         0
                text7                               964      964        8         0
                text6                               95A      95A        A         0
                text5                               6DE      6DE       C0         0
                text4                               79E      79E       82         0
                text3                               8EA      8EA       5A         0
                text2                               890      890       5A         0
                text1                               820      820       70         0
                text0                               602      602       DC         0
                cinit                               944      944       16         0

        CLASS   CONST          

        CLASS   SMALLCONST     
                smallconst                          600      600        2         0

        CLASS   MEDIUMCONST    

        CLASS   COMRAM         
                cstackCOMRAM                          A        A        3         1
                bssCOMRAM                             1        1        9         1

        CLASS   ABS1           

        CLASS   BIGRAM         

        CLASS   RAM            

        CLASS   BANK0          

        CLASS   BANK1          

        CLASS   BANK2          

        CLASS   BANK3          

        CLASS   BANK4          

        CLASS   BANK5          

        CLASS   SFR            

        CLASS   BIGSFR         

        CLASS   CONFIG         

        CLASS   IDLOC          

        CLASS   EEDATA         

        CLASS   FARRAM         

        CLASS   HEAP           

        CLASS   STACK          



SEGMENTS        Name                           Load    Length   Top    Selector   Space  Class

                reset_vec                      000000  000004  000004         0       0  CODE    
                bssCOMRAM                      000001  00000C  00000D         1       1  COMRAM  
                smallconst                     000600  000002  000602       300       0  SMALLCON
                text0                          000602  00036A  00096C       301       0  CODE    
                init                           002FFC  000004  003000      17FE       0  CODE    


UNUSED ADDRESS RANGES

        Name                Unused          Largest block    Delta
        BANK0            0060-00FF             A0
        BANK1            0100-01FF            100
        BANK2            0200-02FF            100
        BANK3            0300-03FF            100
        BANK4            0400-04FF            100
        BANK5            0500-05FF            100
        BIGRAM           000D-05FF            5F3
        BIGSFR           0D00-0FFF            300
        CODE             0004-05FF            5FC
                         096C-2FFB           2690
                         3000-3000              1
        COMRAM           000D-005F             53
        CONFIG           300000-30000D              E
        CONST            0004-05FF            5FC
                         096C-2FFB           2690
                         3000-3000              1
        EEDATA           F00000-F000FF            100
        IDLOC            200000-200007              8
        MEDIUMCONST      096C-2FFB           2690
                         3000-3000              1
        RAM              0060-05FF            100
        SFR              0D00-0FFF            100
        SMALLCONST       096C-2FFB            100
                         3000-3000              1

                                  Symbol Table

_PORTB                       (abs)        0F81
_PORTC                       (abs)        0F82
_TRISB                       (abs)        0F93
_TRISC                       (abs)        0F94
__HRAM                       (abs)        0000
__H__absolute__              __absolute__ 0000
__Habs1                      abs1         0000
__Hbank0                     bank0        0000
__Hbank1                     bank1        0000
__Hbank2                     bank2        0000
__Hbank3                     bank3        0000
__Hbank4                     bank4        0000
__Hbank5                     bank5        0000
__Hbigbss                    bigbss       0000
__Hbigdata                   bigdata      0000
__Hbigram                    bigram       0000
__Hbigsfr                    bigsfr       0000
__Hbss                       bss          0000
__HbssCOMRAM                 bssCOMRAM    0000
__Hcinit                     cinit        0000
__Hclrtext                   clrtext      0000
__Hcomram                    comram       0000
__Hconfig                    config       0000
__Hconst                     const        0000
__HcstackCOMRAM              cstackCOMRAM 0000
__Hdata                      data         0000
__Heeprom_data               eeprom_data  0000
__Hfarbss                    farbss       0000
__Hfardata                   fardata      0000
__Hheap                      heap         0000
__Hibigdata                  ibigdata     0000
__Hidata                     idata        0000
__Hidloc                     idloc        0000
__Hifardata                  ifardata     0000
__Hinit                      init         3000
__Hintcode                   intcode      0008
__Hintcode_body              intcode_body 0000
__Hintcodelo                 intcodelo    0018
__Hintentry                  intentry     0000
__Hintret                    intret       0000
__Hintsave_regs              intsave_regs 0000
__Hirdata                    irdata       0000
__Hmediumconst               mediumconst  0000
__HnvFARRAM                  nvFARRAM     0000
__Hnvbit                     nvbit        0000
__Hnvrram                    nvrram       0000
__Hparam                     rparam       0000
__Hpowerup                   powerup      0000
__Hram                       ram          0000
__Hramtop                    ramtop       0600
__Hrbit                      rbit         0000
__Hrbss                      rbss         0000
__Hrdata                     rdata        0000
__Hreset_vec                 reset_vec    0004
__Hrparam                    rparam       0000
__Hsfr                       sfr          0000
__Hsivt_hi                   sivt_hi      0000
__Hsivt_lo                   sivt_lo      0018
__Hsmallconst                smallconst   0602
__Hspace_0                   (abs)        3000
__Hspace_1                   (abs)        000D
__Hspace_2                   (abs)        0000
__Hspace_4                   (abs)        0000
__Hstack                     stack        0000
__Hstruct                    struct       0000
__Htemp                      temp         0000
__Htext                      text         0000
__Htext0                     text0        0000
__Htext1                     text1        0000
__Htext2                     text2        0000
__Htext3                     text3        0000
__Htext4                     text4        0000
__Htext5                     text5        0000
__Htext6                     text6        0000
__Htext7                     text7        0000
__LRAM                       (abs)        0001
__L__absolute__              __absolute__ 0000
__Labs1                      abs1         0000
__Lbank0                     bank0        0000
__Lbank1                     bank1        0000
__Lbank2                     bank2        0000
__Lbank3                     bank3        0000
__Lbank4                     bank4        0000
__Lbank5                     bank5        0000
__Lbigbss                    bigbss       0000
__Lbigdata                   bigdata      0000
__Lbigram                    bigram       0000
__Lbigsfr                    bigsfr       0000
__Lbss                       bss          0000
__LbssCOMRAM                 bssCOMRAM    0000
__Lcinit                     cinit        0000
__Lclrtext                   clrtext      0000
__Lcomram                    comram       0000
__Lconfig                    config       0000
__Lconst                     const        0000
__LcstackCOMRAM              cstackCOMRAM 0000
__Ldata                      data         0000
__Leeprom_data               eeprom_data  0000
__Lfarbss                    farbss       0000
__Lfardata                   fardata      0000
__Lheap                      heap         0000
__Libigdata                  ibigdata     0000
__Lidata                     idata        0000
__Lidloc                     idloc        0000
__Lifardata                  ifardata     0000
__Linit                      init         2FFC
__Lintcode                   intcode      0008
__Lintcode_body              intcode_body 0000
__Lintcodelo                 intcodelo    0018
__Lintentry                  intentry     0000
__Lintret                    intret       0000
__Lintsave_regs              intsave_regs 0000
__Lirdata                    irdata       0000
__Lmediumconst               mediumconst  0000
__LnvFARRAM                  nvFARRAM     0000
__Lnvbit                     nvbit        0000
__Lnvrram                    nvrram       0000
__Lparam                     rparam       0000
__Lpowerup                   powerup      0000
__Lram                       ram          0000
__Lramtop                    ramtop       0600
__Lrbit                      rbit         0000
__Lrbss                      rbss         0000
__Lrdata                     rdata        0000
__Lreset_vec                 reset_vec    0000
__Lrparam                    rparam       0000
__Lsfr                       sfr          0000
__Lsivt_hi                   sivt_hi      0000
__Lsivt_lo                   sivt_lo      0018
__Lsmallconst                smallconst   0600
__Lspace_0                   (abs)        0000
__Lspace_1                   (abs)        0000
__Lspace_2                   (abs)        0000
__Lspace_4                   (abs)        0000
__Lstack                     stack        0000
__Lstruct                    struct       0000
__Ltemp                      temp         0000
__Ltext                      text         0000
__Ltext0                     text0        0000
__Ltext1                     text1        0000
__Ltext2                     text2        0000
__Ltext3                     text3        0000
__Ltext4                     text4        0000
__Ltext5                     text5        0000
__Ltext6                     text6        0000
__Ltext7                     text7        0000
__S0                         (abs)        3000
__S1                         (abs)        000D
__S4                         (abs)        0000
__S5                         (abs)        0000
___heap_hi                   (abs)        0000
___heap_lo                   (abs)        0000
___inthi_sp                  stack        0000
___inthi_stack_hi            stack        0000
___inthi_stack_lo            stack        0000
___intlo_sp                  stack        0000
___intlo_stack_hi            stack        0000
___intlo_stack_lo            stack        0000
___param_bank                (abs)        0000
___rparam_used               (abs)        0001
___sp                        stack        0000
___stack_hi                  stack        0000
___stack_lo                  stack        0000
__accesstop                  (abs)        0060
__activetblptr               (abs)        0002
__end_of__initialization     cinit        0950
__end_of_init_config         text6        0964
__end_of_init_digital_keypad text7        096C
__end_of_led_pattern1        text5        079E
__end_of_led_pattern2        text4        0820
__end_of_led_pattern3        text3        0944
__end_of_led_pattern4        text2        08EA
__end_of_main                text0        06DE
__end_of_read_digital_keypad text1        0890
__initialization             cinit        0944
__mediumconst                smallconst   0600
__pbssCOMRAM                 bssCOMRAM    0001
__pcinit                     cinit        0944
__pcstackCOMRAM              cstackCOMRAM 000A
__psmallconst                smallconst   0600
__ptext0                     text0        0602
__ptext1                     text1        0820
__ptext2                     text2        0890
__ptext3                     text3        08EA
__ptext4                     text4        079E
__ptext5                     text5        06DE
__ptext6                     text6        095A
__ptext7                     text7        0964
__ramtop                     ramtop       0600
__smallconst                 smallconst   0600
_delay                       bssCOMRAM    0001
_i                           bssCOMRAM    0005
_init_config                 text6        095A
_init_digital_keypad         text7        0964
_led_pattern1                text5        06DE
_led_pattern2                text4        079E
_led_pattern3                text3        08EA
_led_pattern4                text2        0890
_main                        text0        0602
_read_digital_keypad         text1        0820
end_of_initialization        cinit        0950
intlevel0                    text         0000
intlevel1                    text         0000
intlevel2                    text         0000
intlevel3                    text         0000
isa$std                      (abs)        0001
isa$xinst                    (abs)        0000
led_pattern3@state           bssCOMRAM    0009
led_pattern4@state           bssCOMRAM    0008
main@flag                    cstackCOMRAM 000C
main@key                     cstackCOMRAM 000B
read_digital_keypad@flag     bssCOMRAM    0007
read_digital_keypad@type     cstackCOMRAM 000A
stackhi                      (abs)        0000
stacklo                      (abs)        0000
start                        init         2FFC
start_initialization         cinit        0944


MODULE INFORMATION

Module		Function		Class		Link	Load	Size
digital_keypad.c
		_init_digital_keypad		CODE           	0964	0000	8
		_read_digital_keypad		CODE           	0820	0000	112

digital_keypad.c estimated size: 120

shared
		__initialization		CODE           	0944	0000	12

shared estimated size: 12

main.c
		_main          		CODE           	0602	0000	220
		_led_pattern1  		CODE           	06DE	0000	192
		_led_pattern2  		CODE           	079E	0000	130
		_led_pattern3  		CODE           	08EA	0000	90
		_led_pattern4  		CODE           	0890	0000	90
		_init_config   		CODE           	095A	0000	10

main.c estimated size: 732

