Microchip MPLAB XC8 Compiler V3.10

Linker command line:

-W-3 \
  --edf=C:\Program Files\Microchip\xc8\v3.10\pic\dat\20250813170317_en.msgs \
  -cn -h+dist/default/production\SLEEP_FUNCTION_TIMERS.X.production.sym \
  --cmf=dist/default/production\SLEEP_FUNCTION_TIMERS.X.production.cmf -z \
  -Q18F4580 -oC:\Users\PRANAV\AppData\Local\Temp\xcAsf1o.0\driver_tmp_3.o \
  --defsym=__MPLAB_BUILD=1 --fixupoverflow=error \
  -Mdist/default/production/SLEEP_FUNCTION_TIMERS.X.production.map \
  --md=C:\Users\PRANAV\AppData\Local\Temp\xcAsf1o.0\driver_tmp_0.dat -E1 \
  -ver=XC8 Compiler -ACODE=00h-07FFFh -ACONST=00h-07FFFh \
  -ASMALLCONST=0600h-06FFhx122 -AMEDIUMCONST=0600h-07FFFh -ACOMRAM=01h-05Fh \
  -AABS1=00h-05FFh -ABIGRAM=01h-05FFh -ARAM=060h-0FFh,0100h-01FFhx5 \
  -ABANK0=060h-0FFh -ABANK1=0100h-01FFh -ABANK2=0200h-02FFh \
  -ABANK3=0300h-03FFh -ABANK4=0400h-04FFh -ABANK5=0500h-05FFh \
  -ASFR=0D00h-0DFFhx2,0F00h-0F5Fh,0F60h-0FFFh -ABIGSFR=0D00h-0FFFh \
  -ACONFIG=0300000h-030000Dh -AIDLOC=0200000h-0200007h \
  -AEEDATA=0F00000h-0F000FFh -peeprom_data=EEDATA \
  -preset_vec=00h,intcode=8h,intcodelo=18h,sivt_lo,sivt_hi=CODE \
  -ppowerup=CODE,init -pramtop=0600h -psmallconst=SMALLCONST \
  -pmediumconst=MEDIUMCONST -pconst=CONST -AFARRAM=00h-00h \
  -prdata=COMRAM,nvrram=COMRAM,nvbit=COMRAM,rbss=COMRAM,rbit=COMRAM \
  -pfarbss=FARRAM,fardata=FARRAM,nvFARRAM=FARRAM \
  -pintsave_regs=BIGRAM,bigbss=BIGRAM,bigdata=BIGRAM -pbss=RAM \
  -pidata=CODE,irdata=CODE,ibigdata=CODE,ifardata=CODE -prparam=COMRAM \
  C:\Users\PRANAV\AppData\Local\Temp\xcAsf1o.0\driver_tmp_9.o \
  dist/default/production\SLEEP_FUNCTION_TIMERS.X.production.o 

Object code version is 3.11

Machine type is 18F4580



                Name                               Link     Load   Length Selector   Space Scale
C:\Users\PRANAV\AppData\Local\Temp\xcAsf1o.0\driver_tmp_9.o
                init                                  E        E        4        4       0
                reset_vec                             0        0        4        0       0
dist/default/production\SLEEP_FUNCTION_TIMERS.X.production.o
                intcode                               8        8        6        4       0
                smallconst                          600      600        2      300       0
                intcode_body                        822      822       7A      301       0
                text9                               89C      89C       72      301       0
                text8                               9E2      9E2       64      301       0
                text7                               97E      97E       64      301       0
                text6                               ACE      ACE        8      301       0
                text5                               AC6      AC6        8      301       0
                text4                               AAC      AAC       10      301       0
                text3                               A7C      A7C       1E      301       0
                text2                               A9A      A9A       12      301       0
                text1                               90E      90E       70      301       0
                text0                               602      602      220      301       0
                cstackCOMRAM                          2        2        F        2       1
                dataCOMRAM                           11       11        A        2       1
                bssCOMRAM                            1B       1B        9        2       1
                cinit                               A46      A46       36      301       0
                idataCOMRAM                         ABC      ABC        A      301       0

TOTAL           Name                               Link     Load   Length     Space
        CLASS   CODE           
                intcode                               8        8        6         0
                init                                  E        E        4         0
                reset_vec                             0        0        4         0
                intcode_body                        822      822       7A         0
                text9                               89C      89C       72         0
                text8                               9E2      9E2       64         0
                text7                               97E      97E       64         0
                text6                               ACE      ACE        8         0
                text5                               AC6      AC6        8         0
                text4                               AAC      AAC       10         0
                text3                               A7C      A7C       1E         0
                text2                               A9A      A9A       12         0
                text1                               90E      90E       70         0
                text0                               602      602      220         0
                cinit                               A46      A46       36         0
                idataCOMRAM                         ABC      ABC        A         0

        CLASS   CONST          

        CLASS   SMALLCONST     
                smallconst                          600      600        2         0

        CLASS   MEDIUMCONST    

        CLASS   COMRAM         
                cstackCOMRAM                          2        2        F         1
                dataCOMRAM                           11       11        A         1
                bssCOMRAM                            1B       1B        9         1

        CLASS   ABS1           
                abs_s1                                1        1        1         1

        CLASS   BIGRAM         

        CLASS   RAM            

        CLASS   BANK0          

        CLASS   BANK1          

        CLASS   BANK2          

        CLASS   BANK3          

        CLASS   BANK4          

        CLASS   BANK5          

        CLASS   SFR            

        CLASS   BIGSFR         

        CLASS   CONFIG         

        CLASS   IDLOC          

        CLASS   EEDATA         

        CLASS   FARRAM         

        CLASS   HEAP           

        CLASS   STACK          



SEGMENTS        Name                           Load    Length   Top    Selector   Space  Class

                reset_vec                      000000  000004  000004         0       0  CODE    
                cstackCOMRAM                   000002  000022  000024         2       1  COMRAM  
                intcode                        000008  00000A  000012         4       0  CODE    
                smallconst                     000600  000002  000602       300       0  SMALLCON
                text0                          000602  0004D4  000AD6       301       0  CODE    


UNUSED ADDRESS RANGES

        Name                Unused          Largest block    Delta
        BANK0            0060-00FF             A0
        BANK1            0100-01FF            100
        BANK2            0200-02FF            100
        BANK3            0300-03FF            100
        BANK4            0400-04FF            100
        BANK5            0500-05FF            100
        BIGRAM           0024-05FF            5DC
        BIGSFR           0D00-0FFF            300
        CODE             0004-0007              4
                         0012-05FF            5EE
                         0AD6-7FFF           752A
        COMRAM           0024-005F             3C
        CONFIG           300000-30000D              E
        CONST            0004-0007              4
                         0012-05FF            5EE
                         0AD6-7FFF           752A
        EEDATA           F00000-F000FF            100
        IDLOC            200000-200007              8
        MEDIUMCONST      0AD6-7FFF           752A
        RAM              0060-05FF            100
        SFR              0D00-0FFF            100
        SMALLCONST       0AD6-7FFF            100

                                  Symbol Table

?___lwdiv                    cstackCOMRAM 0002
?___lwmod                    cstackCOMRAM 0009
_INTCON2bits                 (abs)        0FF1
_INTCONbits                  (abs)        0FF2
_PORTA                       (abs)        0F80
_PORTB                       (abs)        0F81
_PORTC                       (abs)        0F82
_PORTD                       (abs)        0F83
_T0CONbits                   (abs)        0FD5
_TMR0                        (abs)        0FD6
_TMR0IE                      (abs)        7F95
_TMR0IF                      (abs)        7F92
_TRISA                       (abs)        0F92
_TRISB                       (abs)        0F93
_TRISBbits                   (abs)        0F93
_TRISC                       (abs)        0F94
_TRISD                       (abs)        0F95
__HRAM                       (abs)        0000
__H__absolute__              __absolute__ 0000
__Habs1                      abs1         0000
__Hbank0                     bank0        0000
__Hbank1                     bank1        0000
__Hbank2                     bank2        0000
__Hbank3                     bank3        0000
__Hbank4                     bank4        0000
__Hbank5                     bank5        0000
__Hbigbss                    bigbss       0000
__Hbigdata                   bigdata      0000
__Hbigram                    bigram       0000
__Hbigsfr                    bigsfr       0000
__Hbss                       bss          0000
__HbssCOMRAM                 bssCOMRAM    0000
__Hcinit                     cinit        0000
__Hclrtext                   clrtext      0000
__Hcomram                    comram       0000
__Hconfig                    config       0000
__Hconst                     const        0000
__HcstackCOMRAM              cstackCOMRAM 0000
__Hdata                      data         0000
__HdataCOMRAM                dataCOMRAM   0000
__Heeprom_data               eeprom_data  0000
__Hfarbss                    farbss       0000
__Hfardata                   fardata      0000
__Hheap                      heap         0000
__Hibigdata                  ibigdata     0000
__Hidata                     idata        0000
__HidataCOMRAM               idataCOMRAM  0000
__Hidloc                     idloc        0000
__Hifardata                  ifardata     0000
__Hinit                      init         0012
__Hintcode                   intcode      000E
__Hintcode_body              intcode_body 0000
__Hintcodelo                 intcodelo    0018
__Hintentry                  intentry     0000
__Hintret                    intret       0000
__Hintsave_regs              intsave_regs 0000
__Hirdata                    irdata       0000
__Hmediumconst               mediumconst  0000
__HnvFARRAM                  nvFARRAM     0000
__Hnvbit                     nvbit        0000
__Hnvrram                    nvrram       0000
__Hparam                     rparam       0000
__Hpowerup                   powerup      0000
__Hram                       ram          0000
__Hramtop                    ramtop       0600
__Hrbit                      rbit         0000
__Hrbss                      rbss         0000
__Hrdata                     rdata        0000
__Hreset_vec                 reset_vec    0004
__Hrparam                    rparam       0000
__Hsfr                       sfr          0000
__Hsivt_hi                   sivt_hi      0000
__Hsivt_lo                   sivt_lo      0018
__Hsmallconst                smallconst   0602
__Hspace_0                   (abs)        0AD6
__Hspace_1                   (abs)        0024
__Hspace_2                   (abs)        0000
__Hspace_4                   (abs)        0000
__Hstack                     stack        0000
__Hstruct                    struct       0000
__Htemp                      temp         0000
__Htext                      text         0000
__Htext0                     text0        0000
__Htext1                     text1        0000
__Htext2                     text2        0000
__Htext3                     text3        0000
__Htext4                     text4        0000
__Htext5                     text5        0000
__Htext6                     text6        0000
__Htext7                     text7        0000
__Htext8                     text8        0000
__Htext9                     text9        0000
__LRAM                       (abs)        0001
__L__absolute__              __absolute__ 0000
__Labs1                      abs1         0000
__Lbank0                     bank0        0000
__Lbank1                     bank1        0000
__Lbank2                     bank2        0000
__Lbank3                     bank3        0000
__Lbank4                     bank4        0000
__Lbank5                     bank5        0000
__Lbigbss                    bigbss       0000
__Lbigdata                   bigdata      0000
__Lbigram                    bigram       0000
__Lbigsfr                    bigsfr       0000
__Lbss                       bss          0000
__LbssCOMRAM                 bssCOMRAM    0000
__Lcinit                     cinit        0000
__Lclrtext                   clrtext      0000
__Lcomram                    comram       0000
__Lconfig                    config       0000
__Lconst                     const        0000
__LcstackCOMRAM              cstackCOMRAM 0000
__Ldata                      data         0000
__LdataCOMRAM                dataCOMRAM   0000
__Leeprom_data               eeprom_data  0000
__Lfarbss                    farbss       0000
__Lfardata                   fardata      0000
__Lheap                      heap         0000
__Libigdata                  ibigdata     0000
__Lidata                     idata        0000
__LidataCOMRAM               idataCOMRAM  0000
__Lidloc                     idloc        0000
__Lifardata                  ifardata     0000
__Linit                      init         000E
__Lintcode                   intcode      0008
__Lintcode_body              intcode_body 0000
__Lintcodelo                 intcodelo    0018
__Lintentry                  intentry     0000
__Lintret                    intret       0000
__Lintsave_regs              intsave_regs 0000
__Lirdata                    irdata       0000
__Lmediumconst               mediumconst  0000
__LnvFARRAM                  nvFARRAM     0000
__Lnvbit                     nvbit        0000
__Lnvrram                    nvrram       0000
__Lparam                     rparam       0000
__Lpowerup                   powerup      0000
__Lram                       ram          0000
__Lramtop                    ramtop       0600
__Lrbit                      rbit         0000
__Lrbss                      rbss         0000
__Lrdata                     rdata        0000
__Lreset_vec                 reset_vec    0000
__Lrparam                    rparam       0000
__Lsfr                       sfr          0000
__Lsivt_hi                   sivt_hi      0000
__Lsivt_lo                   sivt_lo      0018
__Lsmallconst                smallconst   0600
__Lspace_0                   (abs)        0000
__Lspace_1                   (abs)        0000
__Lspace_2                   (abs)        0000
__Lspace_4                   (abs)        0000
__Lstack                     stack        0000
__Lstruct                    struct       0000
__Ltemp                      temp         0000
__Ltext                      text         0000
__Ltext0                     text0        0000
__Ltext1                     text1        0000
__Ltext2                     text2        0000
__Ltext3                     text3        0000
__Ltext4                     text4        0000
__Ltext5                     text5        0000
__Ltext6                     text6        0000
__Ltext7                     text7        0000
__Ltext8                     text8        0000
__Ltext9                     text9        0000
__S0                         (abs)        0AD6
__S1                         (abs)        0024
__S4                         (abs)        0000
__S5                         (abs)        0000
___heap_hi                   (abs)        0000
___heap_lo                   (abs)        0000
___inthi_sp                  stack        0000
___inthi_stack_hi            stack        0000
___inthi_stack_lo            stack        0000
___intlo_sp                  stack        0000
___intlo_stack_hi            stack        0000
___intlo_stack_lo            stack        0000
___lwdiv                     text9        089C
___lwdiv@counter             cstackCOMRAM 0008
___lwdiv@dividend            cstackCOMRAM 0002
___lwdiv@divisor             cstackCOMRAM 0004
___lwdiv@quotient            cstackCOMRAM 0006
___lwmod                     text8        09E2
___lwmod@counter             cstackCOMRAM 000D
___lwmod@dividend            cstackCOMRAM 0009
___lwmod@divisor             cstackCOMRAM 000B
___param_bank                (abs)        0000
___rparam_used               (abs)        0001
___sp                        stack        0000
___stack_hi                  stack        0000
___stack_lo                  stack        0000
__accesstop                  (abs)        0060
__activetblptr               (abs)        0000
__end_of___lwdiv             text9        090E
__end_of___lwmod             text8        0A46
__end_of__initialization     cinit        0A72
__end_of_display             text7        09E2
__end_of_init_config         text2        0AAC
__end_of_init_digital_keypad text6        0AD6
__end_of_init_led_config     text5        0ACE
__end_of_init_ssd_display    text4        0ABC
__end_of_init_timer0         text3        0A9A
__end_of_isr                 intcode_body 089C
__end_of_main                text0        0822
__end_of_read_digital_keypad text1        097E
__initialization             cinit        0A46
__mediumconst                smallconst   0600
__pbssCOMRAM                 bssCOMRAM    001B
__pcinit                     cinit        0A46
__pcstackCOMRAM              cstackCOMRAM 0002
__pdataCOMRAM                dataCOMRAM   0011
__pidataCOMRAM               idataCOMRAM  0ABC
__pintcode                   intcode      0008
__pintcode_body              intcode_body 0822
__psmallconst                smallconst   0600
__ptext0                     text0        0602
__ptext1                     text1        090E
__ptext2                     text2        0A9A
__ptext3                     text3        0A7C
__ptext4                     text4        0AAC
__ptext5                     text5        0AC6
__ptext6                     text6        0ACE
__ptext7                     text7        097E
__ptext8                     text8        09E2
__ptext9                     text9        089C
__ramtop                     ramtop       0600
__smallconst                 smallconst   0600
_digit                       dataCOMRAM   0011
_display                     text7        097E
_idle_count                  bssCOMRAM    001B
_init_config                 text2        0A9A
_init_digital_keypad         text6        0ACE
_init_led_config             text5        0AC6
_init_ssd_display            text4        0AAC
_init_timer0                 text3        0A7C
_interrupt_pressed           bssCOMRAM    001E
_isr                         intcode      0008
_main                        text0        0602
_minute_count                bssCOMRAM    001F
_read_digital_keypad         text1        090E
_ssd                         bssCOMRAM    0020
btemp                        (abs)        0001
btemp0                       (abs)        0001
btemp1                       (abs)        0002
display@data                 cstackCOMRAM 0002
display@digit                cstackCOMRAM 0007
display@wait                 cstackCOMRAM 0005
end_of_initialization        cinit        0A72
int$flags                    (abs)        0001
int_func                     intcode_body 0822
intlevel0                    text         0000
intlevel1                    text         0000
intlevel2                    text         0000
intlevel3                    text         0000
isa$std                      (abs)        0001
isa$xinst                    (abs)        0000
main@count                   cstackCOMRAM 000F
main@key                     cstackCOMRAM 000E
read_digital_keypad@flag     bssCOMRAM    001D
read_digital_keypad@type     cstackCOMRAM 0002
stackhi                      (abs)        0000
stacklo                      (abs)        0000
start                        init         000E
start_initialization         cinit        0A46


MODULE INFORMATION

Module		Function		Class		Link	Load	Size
digital_keypad.c
		_init_digital_keypad		CODE           	0ACE	0000	8
		_read_digital_keypad		CODE           	090E	0000	112

digital_keypad.c estimated size: 120

C:\Program Files\Microchip\xc8\v3.10\pic\sources\c99\common\lwmod.c
		___lwmod       		CODE           	09E2	0000	100

C:\Program Files\Microchip\xc8\v3.10\pic\sources\c99\common\lwmod.c estimated size: 100

timer.c
		_init_timer0   		CODE           	0A7C	0000	30

timer.c estimated size: 30

ssd_display.c
		_display       		CODE           	097E	0000	100
		_init_ssd_display		CODE           	0AAC	0000	16

ssd_display.c estimated size: 116

C:\Program Files\Microchip\xc8\v3.10\pic\sources\c99\common\lwdiv.c
		___lwdiv       		CODE           	089C	0000	114

C:\Program Files\Microchip\xc8\v3.10\pic\sources\c99\common\lwdiv.c estimated size: 114

isr.c
		_isr           		CODE           	0008	0000	128

isr.c estimated size: 128

shared
		__initialization		CODE           	0A46	0000	44

shared estimated size: 44

main.c
		_main          		CODE           	0602	0000	544
		_init_led_config		CODE           	0AC6	0000	8
		_init_config   		CODE           	0A9A	0000	18

main.c estimated size: 570

