Microchip MPLAB XC8 Compiler V3.10

Linker command line:

-W-3 \
  --edf=C:\Program Files\Microchip\xc8\v3.10\pic\dat\20250813170317_en.msgs \
  -cn -h+dist/default/production\CLOCK_TIMER2.X.production.sym \
  --cmf=dist/default/production\CLOCK_TIMER2.X.production.cmf -z -Q18F4580 \
  -oC:\Users\PRANAV\AppData\Local\Temp\xcAs8h0.0\driver_tmp_3.o \
  --defsym=__MPLAB_BUILD=1 --fixupoverflow=error \
  -Mdist/default/production/CLOCK_TIMER2.X.production.map \
  --md=C:\Users\PRANAV\AppData\Local\Temp\xcAs8h0.0\driver_tmp_0.dat -E1 \
  -ver=XC8 Compiler -ACODE=00h-07FFFh -ACONST=00h-07FFFh \
  -ASMALLCONST=0600h-06FFhx122 -AMEDIUMCONST=0600h-07FFFh -ACOMRAM=01h-05Fh \
  -AABS1=00h-05FFh -ABIGRAM=01h-05FFh -ARAM=060h-0FFh,0100h-01FFhx5 \
  -ABANK0=060h-0FFh -ABANK1=0100h-01FFh -ABANK2=0200h-02FFh \
  -ABANK3=0300h-03FFh -ABANK4=0400h-04FFh -ABANK5=0500h-05FFh \
  -ASFR=0D00h-0DFFhx2,0F00h-0F5Fh,0F60h-0FFFh -ABIGSFR=0D00h-0FFFh \
  -ACONFIG=0300000h-030000Dh -AIDLOC=0200000h-0200007h \
  -AEEDATA=0F00000h-0F000FFh -peeprom_data=EEDATA \
  -preset_vec=00h,intcode=8h,intcodelo=18h,sivt_lo,sivt_hi=CODE \
  -ppowerup=CODE,init -pramtop=0600h -psmallconst=SMALLCONST \
  -pmediumconst=MEDIUMCONST -pconst=CONST -AFARRAM=00h-00h \
  -prdata=COMRAM,nvrram=COMRAM,nvbit=COMRAM,rbss=COMRAM,rbit=COMRAM \
  -pfarbss=FARRAM,fardata=FARRAM,nvFARRAM=FARRAM \
  -pintsave_regs=BIGRAM,bigbss=BIGRAM,bigdata=BIGRAM -pbss=RAM \
  -pidata=CODE,irdata=CODE,ibigdata=CODE,ifardata=CODE -prparam=COMRAM \
  C:\Users\PRANAV\AppData\Local\Temp\xcAs8h0.0\driver_tmp_9.o \
  dist/default/production\CLOCK_TIMER2.X.production.o 

Object code version is 3.11

Machine type is 18F4580



                Name                               Link     Load   Length Selector   Space Scale
C:\Users\PRANAV\AppData\Local\Temp\xcAs8h0.0\driver_tmp_9.o
                init                                  E        E        4        4       0
                reset_vec                             0        0        4        0       0
dist/default/production\CLOCK_TIMER2.X.production.o
                intcode                               8        8        6        4       0
                smallconst                          600      600        2      300       0
                intcode_body                        7F4      7F4       66      301       0
                text6                               602      602       C0      301       0
                text5                               6C2      6C2       AE      301       0
                text4                               85A      85A       64      301       0
                text3                               906      906       10      301       0
                text2                               8F4      8F4       12      301       0
                text1                               920      920        A      301       0
                text0                               770      770       84      301       0
                cstackCOMRAM                         14       14        8        2       1
                dataCOMRAM                            2        2        A        2       1
                bssCOMRAM                             C        C        8        2       1
                cinit                               8BE      8BE       36      301       0
                idataCOMRAM                         916      916        A      301       0

TOTAL           Name                               Link     Load   Length     Space
        CLASS   CODE           
                intcode                               8        8        6         0
                init                                  E        E        4         0
                reset_vec                             0        0        4         0
                intcode_body                        7F4      7F4       66         0
                text6                               602      602       C0         0
                text5                               6C2      6C2       AE         0
                text4                               85A      85A       64         0
                text3                               906      906       10         0
                text2                               8F4      8F4       12         0
                text1                               920      920        A         0
                text0                               770      770       84         0
                cinit                               8BE      8BE       36         0
                idataCOMRAM                         916      916        A         0

        CLASS   CONST          

        CLASS   SMALLCONST     
                smallconst                          600      600        2         0

        CLASS   MEDIUMCONST    

        CLASS   COMRAM         
                cstackCOMRAM                         14       14        8         1
                dataCOMRAM                            2        2        A         1
                bssCOMRAM                             C        C        8         1

        CLASS   ABS1           
                abs_s1                                1        1        1         1

        CLASS   BIGRAM         

        CLASS   RAM            

        CLASS   BANK0          

        CLASS   BANK1          

        CLASS   BANK2          

        CLASS   BANK3          

        CLASS   BANK4          

        CLASS   BANK5          

        CLASS   SFR            

        CLASS   BIGSFR         

        CLASS   CONFIG         

        CLASS   IDLOC          

        CLASS   EEDATA         

        CLASS   FARRAM         

        CLASS   HEAP           

        CLASS   STACK          



SEGMENTS        Name                           Load    Length   Top    Selector   Space  Class

                reset_vec                      000000  000004  000004         0       0  CODE    
                dataCOMRAM                     000002  00001A  00001C         2       1  COMRAM  
                intcode                        000008  00000A  000012         4       0  CODE    
                smallconst                     000600  000002  000602       300       0  SMALLCON
                text6                          000602  000328  00092A       301       0  CODE    


UNUSED ADDRESS RANGES

        Name                Unused          Largest block    Delta
        BANK0            060-0FF            A0
        BANK1            100-1FF           100
        BANK2            200-2FF           100
        BANK3            300-3FF           100
        BANK4            400-4FF           100
        BANK5            500-5FF           100
        BIGRAM           01C-5FF           5E4
        BIGSFR           D00-FFF           300
        CODE             004-007             4
                         012-5FF           5EE
                         92A-7FFF          76D6
        COMRAM           01C-05F            44
        CONFIG           300000-30000D             E
        CONST            004-007             4
                         012-5FF           5EE
                         92A-7FFF          76D6
        EEDATA           F00000-F000FF           100
        IDLOC            200000-200007             8
        MEDIUMCONST      92A-7FFF          76D6
        RAM              060-5FF           100
        SFR              D00-FFF           100
        SMALLCONST       92A-7FFF           100

                                  Symbol Table

?___awdiv                cstackCOMRAM 014
?___awmod                cstackCOMRAM 014
_INTCONbits              (abs)        FF2
_PIR1bits                (abs)        F9E
_PORTA                   (abs)        F80
_PORTD                   (abs)        F83
_PR2                     (abs)        FCB
_T2CONbits               (abs)        FCA
_TMR2                    (abs)        FCC
_TRISA                   (abs)        F92
_TRISD                   (abs)        F95
__HRAM                   (abs)        000
__H__absolute__          __absolute__ 000
__Habs1                  abs1         000
__Hbank0                 bank0        000
__Hbank1                 bank1        000
__Hbank2                 bank2        000
__Hbank3                 bank3        000
__Hbank4                 bank4        000
__Hbank5                 bank5        000
__Hbigbss                bigbss       000
__Hbigdata               bigdata      000
__Hbigram                bigram       000
__Hbigsfr                bigsfr       000
__Hbss                   bss          000
__HbssCOMRAM             bssCOMRAM    000
__Hcinit                 cinit        000
__Hclrtext               clrtext      000
__Hcomram                comram       000
__Hconfig                config       000
__Hconst                 const        000
__HcstackCOMRAM          cstackCOMRAM 000
__Hdata                  data         000
__HdataCOMRAM            dataCOMRAM   000
__Heeprom_data           eeprom_data  000
__Hfarbss                farbss       000
__Hfardata               fardata      000
__Hheap                  heap         000
__Hibigdata              ibigdata     000
__Hidata                 idata        000
__HidataCOMRAM           idataCOMRAM  000
__Hidloc                 idloc        000
__Hifardata              ifardata     000
__Hinit                  init         012
__Hintcode               intcode      00E
__Hintcode_body          intcode_body 000
__Hintcodelo             intcodelo    018
__Hintentry              intentry     000
__Hintret                intret       000
__Hintsave_regs          intsave_regs 000
__Hirdata                irdata       000
__Hmediumconst           mediumconst  000
__HnvFARRAM              nvFARRAM     000
__Hnvbit                 nvbit        000
__Hnvrram                nvrram       000
__Hparam                 rparam       000
__Hpowerup               powerup      000
__Hram                   ram          000
__Hramtop                ramtop       600
__Hrbit                  rbit         000
__Hrbss                  rbss         000
__Hrdata                 rdata        000
__Hreset_vec             reset_vec    004
__Hrparam                rparam       000
__Hsfr                   sfr          000
__Hsivt_hi               sivt_hi      000
__Hsivt_lo               sivt_lo      018
__Hsmallconst            smallconst   602
__Hspace_0               (abs)        92A
__Hspace_1               (abs)        01C
__Hspace_2               (abs)        000
__Hspace_4               (abs)        000
__Hstack                 stack        000
__Hstruct                struct       000
__Htemp                  temp         000
__Htext                  text         000
__Htext0                 text0        000
__Htext1                 text1        000
__Htext2                 text2        000
__Htext3                 text3        000
__Htext4                 text4        000
__Htext5                 text5        000
__Htext6                 text6        000
__LRAM                   (abs)        001
__L__absolute__          __absolute__ 000
__Labs1                  abs1         000
__Lbank0                 bank0        000
__Lbank1                 bank1        000
__Lbank2                 bank2        000
__Lbank3                 bank3        000
__Lbank4                 bank4        000
__Lbank5                 bank5        000
__Lbigbss                bigbss       000
__Lbigdata               bigdata      000
__Lbigram                bigram       000
__Lbigsfr                bigsfr       000
__Lbss                   bss          000
__LbssCOMRAM             bssCOMRAM    000
__Lcinit                 cinit        000
__Lclrtext               clrtext      000
__Lcomram                comram       000
__Lconfig                config       000
__Lconst                 const        000
__LcstackCOMRAM          cstackCOMRAM 000
__Ldata                  data         000
__LdataCOMRAM            dataCOMRAM   000
__Leeprom_data           eeprom_data  000
__Lfarbss                farbss       000
__Lfardata               fardata      000
__Lheap                  heap         000
__Libigdata              ibigdata     000
__Lidata                 idata        000
__LidataCOMRAM           idataCOMRAM  000
__Lidloc                 idloc        000
__Lifardata              ifardata     000
__Linit                  init         00E
__Lintcode               intcode      008
__Lintcode_body          intcode_body 000
__Lintcodelo             intcodelo    018
__Lintentry              intentry     000
__Lintret                intret       000
__Lintsave_regs          intsave_regs 000
__Lirdata                irdata       000
__Lmediumconst           mediumconst  000
__LnvFARRAM              nvFARRAM     000
__Lnvbit                 nvbit        000
__Lnvrram                nvrram       000
__Lparam                 rparam       000
__Lpowerup               powerup      000
__Lram                   ram          000
__Lramtop                ramtop       600
__Lrbit                  rbit         000
__Lrbss                  rbss         000
__Lrdata                 rdata        000
__Lreset_vec             reset_vec    000
__Lrparam                rparam       000
__Lsfr                   sfr          000
__Lsivt_hi               sivt_hi      000
__Lsivt_lo               sivt_lo      018
__Lsmallconst            smallconst   600
__Lspace_0               (abs)        000
__Lspace_1               (abs)        000
__Lspace_2               (abs)        000
__Lspace_4               (abs)        000
__Lstack                 stack        000
__Lstruct                struct       000
__Ltemp                  temp         000
__Ltext                  text         000
__Ltext0                 text0        000
__Ltext1                 text1        000
__Ltext2                 text2        000
__Ltext3                 text3        000
__Ltext4                 text4        000
__Ltext5                 text5        000
__Ltext6                 text6        000
__S0                     (abs)        92A
__S1                     (abs)        01C
__S4                     (abs)        000
__S5                     (abs)        000
___awdiv                 text6        602
___awdiv@counter         cstackCOMRAM 018
___awdiv@dividend        cstackCOMRAM 014
___awdiv@divisor         cstackCOMRAM 016
___awdiv@quotient        cstackCOMRAM 01A
___awdiv@sign            cstackCOMRAM 019
___awmod                 text5        6C2
___awmod@counter         cstackCOMRAM 018
___awmod@dividend        cstackCOMRAM 014
___awmod@divisor         cstackCOMRAM 016
___awmod@sign            cstackCOMRAM 019
___heap_hi               (abs)        000
___heap_lo               (abs)        000
___inthi_sp              stack        000
___inthi_stack_hi        stack        000
___inthi_stack_lo        stack        000
___intlo_sp              stack        000
___intlo_stack_hi        stack        000
___intlo_stack_lo        stack        000
___param_bank            (abs)        000
___rparam_used           (abs)        001
___sp                    stack        000
___stack_hi              stack        000
___stack_lo              stack        000
__accesstop              (abs)        060
__activetblptr           (abs)        000
__end_of___awdiv         text6        6C2
__end_of___awmod         text5        770
__end_of__initialization cinit        8EA
__end_of_display         text4        8BE
__end_of_init_config     text1        92A
__end_of_init_ssd_config text3        916
__end_of_init_timer2     text2        906
__end_of_isr             intcode_body 85A
__end_of_main            text0        7F4
__initialization         cinit        8BE
__mediumconst            smallconst   600
__pbssCOMRAM             bssCOMRAM    00C
__pcinit                 cinit        8BE
__pcstackCOMRAM          cstackCOMRAM 014
__pdataCOMRAM            dataCOMRAM   002
__pidataCOMRAM           idataCOMRAM  916
__pintcode               intcode      008
__pintcode_body          intcode_body 7F4
__psmallconst            smallconst   600
__ptext0                 text0        770
__ptext1                 text1        920
__ptext2                 text2        8F4
__ptext3                 text3        906
__ptext4                 text4        85A
__ptext5                 text5        6C2
__ptext6                 text6        602
__ramtop                 ramtop       600
__smallconst             smallconst   600
_count                   bssCOMRAM    00C
_digit                   dataCOMRAM   002
_display                 text4        85A
_init_config             text1        920
_init_ssd_config         text3        906
_init_timer2             text2        8F4
_isr                     intcode      008
_main                    text0        770
_minutes_count           bssCOMRAM    00E
_seconds_count           bssCOMRAM    00F
_ssd                     bssCOMRAM    010
btemp                    (abs)        001
btemp0                   (abs)        001
btemp1                   (abs)        002
display@data             cstackCOMRAM 014
display@digit            cstackCOMRAM 019
display@wait             cstackCOMRAM 017
end_of_initialization    cinit        8EA
int$flags                (abs)        001
int_func                 intcode_body 7F4
intlevel0                text         000
intlevel1                text         000
intlevel2                text         000
intlevel3                text         000
isa$std                  (abs)        001
isa$xinst                (abs)        000
stackhi                  (abs)        000
stacklo                  (abs)        000
start                    init         00E
start_initialization     cinit        8BE


MODULE INFORMATION

Module		Function		Class		Link	Load	Size
ssd.c
		_display       		CODE           	085A	0000	100
		_init_ssd_config		CODE           	0906	0000	16

ssd.c estimated size: 116

C:\Program Files\Microchip\xc8\v3.10\pic\sources\c99\common\awmod.c
		___awmod       		CODE           	06C2	0000	174

C:\Program Files\Microchip\xc8\v3.10\pic\sources\c99\common\awmod.c estimated size: 174

timer2.c
		_init_timer2   		CODE           	08F4	0000	18

timer2.c estimated size: 18

C:\Program Files\Microchip\xc8\v3.10\pic\sources\c99\common\awdiv.c
		___awdiv       		CODE           	0602	0000	192

C:\Program Files\Microchip\xc8\v3.10\pic\sources\c99\common\awdiv.c estimated size: 192

shared
		__initialization		CODE           	08BE	0000	44

shared estimated size: 44

main.c
		_main          		CODE           	0770	0000	132
		_isr           		CODE           	0008	0000	108
		_init_config   		CODE           	0920	0000	10

main.c estimated size: 250

