Microchip MPLAB XC8 Compiler V3.10

Linker command line:

-W-3 \
  --edf=C:\Program Files\Microchip\xc8\v3.10\pic\dat\20250813170317_en.msgs \
  -cn -h+dist/default/production\STATIC_CLOCK.X.production.sym \
  --cmf=dist/default/production\STATIC_CLOCK.X.production.cmf -z -Q18F4580 \
  -oC:\Users\PRANAV\AppData\Local\Temp\xcAsa5g.0\driver_tmp_3.o \
  --defsym=__MPLAB_BUILD=1 --fixupoverflow=error \
  -Mdist/default/production/STATIC_CLOCK.X.production.map \
  --md=C:\Users\PRANAV\AppData\Local\Temp\xcAsa5g.0\driver_tmp_0.dat -E1 \
  -ver=XC8 Compiler -ACODE=00h-03000h -ACONST=00h-03000h \
  -ASMALLCONST=0600h-06FFhx42,03000h-03000h -AMEDIUMCONST=0600h-03000h \
  -ACOMRAM=01h-05Fh -AABS1=00h-05FFh -ABIGRAM=01h-05FFh \
  -ARAM=060h-0FFh,0100h-01FFhx5 -ABANK0=060h-0FFh -ABANK1=0100h-01FFh \
  -ABANK2=0200h-02FFh -ABANK3=0300h-03FFh -ABANK4=0400h-04FFh \
  -ABANK5=0500h-05FFh -ASFR=0D00h-0DFFhx2,0F00h-0F5Fh,0F60h-0FFFh \
  -ABIGSFR=0D00h-0FFFh -ACONFIG=0300000h-030000Dh -AIDLOC=0200000h-0200007h \
  -AEEDATA=0F00000h-0F000FFh -peeprom_data=EEDATA \
  -preset_vec=00h,intcode=8h,intcodelo=18h,sivt_lo,sivt_hi=CODE \
  -ppowerup=CODE,init -pramtop=0600h -psmallconst=SMALLCONST \
  -pmediumconst=MEDIUMCONST -pconst=CONST -AFARRAM=00h-00h \
  -prdata=COMRAM,nvrram=COMRAM,nvbit=COMRAM,rbss=COMRAM,rbit=COMRAM \
  -pfarbss=FARRAM,fardata=FARRAM,nvFARRAM=FARRAM \
  -pintsave_regs=BIGRAM,bigbss=BIGRAM,bigdata=BIGRAM -pbss=RAM \
  -pidata=CODE,irdata=CODE,ibigdata=CODE,ifardata=CODE -prparam=COMRAM \
  C:\Users\PRANAV\AppData\Local\Temp\xcAsa5g.0\driver_tmp_9.o \
  dist/default/production\STATIC_CLOCK.X.production.o 

Object code version is 3.11

Machine type is 18F4580



                Name                               Link     Load   Length Selector   Space Scale
C:\Users\PRANAV\AppData\Local\Temp\xcAsa5g.0\driver_tmp_9.o
                init                                  E        E        4        4       0
                reset_vec                             0        0        4        0       0
dist/default/production\STATIC_CLOCK.X.production.o
                intcode                               8        8        6        4       0
                smallconst                          600      600        2      300       0
                intcode_body                        886      886       94      301       0
                text6                               718      718       C0      301       0
                text5                               7D8      7D8       AE      301       0
                text4                               91A      91A       64      301       0
                text3                               9CC      9CC       10      301       0
                text2                               9B4      9B4       18      301       0
                text1                               9E6      9E6        A      301       0
                text0                               602      602      116      301       0
                cstackCOMRAM                          2        2       11        2       1
                dataCOMRAM                           1E       1E        A        2       1
                bssCOMRAM                            13       13        B        2       1
                cinit                               97E      97E       36      301       0
                idataCOMRAM                         9DC      9DC        A      301       0

TOTAL           Name                               Link     Load   Length     Space
        CLASS   CODE           
                intcode                               8        8        6         0
                init                                  E        E        4         0
                reset_vec                             0        0        4         0
                intcode_body                        886      886       94         0
                text6                               718      718       C0         0
                text5                               7D8      7D8       AE         0
                text4                               91A      91A       64         0
                text3                               9CC      9CC       10         0
                text2                               9B4      9B4       18         0
                text1                               9E6      9E6        A         0
                text0                               602      602      116         0
                cinit                               97E      97E       36         0
                idataCOMRAM                         9DC      9DC        A         0

        CLASS   CONST          

        CLASS   SMALLCONST     
                smallconst                          600      600        2         0

        CLASS   MEDIUMCONST    

        CLASS   COMRAM         
                cstackCOMRAM                          2        2       11         1
                dataCOMRAM                           1E       1E        A         1
                bssCOMRAM                            13       13        B         1

        CLASS   ABS1           
                abs_s1                                1        1        1         1

        CLASS   BIGRAM         

        CLASS   RAM            

        CLASS   BANK0          

        CLASS   BANK1          

        CLASS   BANK2          

        CLASS   BANK3          

        CLASS   BANK4          

        CLASS   BANK5          

        CLASS   SFR            

        CLASS   BIGSFR         

        CLASS   CONFIG         

        CLASS   IDLOC          

        CLASS   EEDATA         

        CLASS   FARRAM         

        CLASS   HEAP           

        CLASS   STACK          



SEGMENTS        Name                           Load    Length   Top    Selector   Space  Class

                reset_vec                      000000  000004  000004         0       0  CODE    
                cstackCOMRAM                   000002  000026  000028         2       1  COMRAM  
                intcode                        000008  00000A  000012         4       0  CODE    
                smallconst                     000600  000002  000602       300       0  SMALLCON
                text0                          000602  0003EE  0009F0       301       0  CODE    


UNUSED ADDRESS RANGES

        Name                Unused          Largest block    Delta
        BANK0            0060-00FF             A0
        BANK1            0100-01FF            100
        BANK2            0200-02FF            100
        BANK3            0300-03FF            100
        BANK4            0400-04FF            100
        BANK5            0500-05FF            100
        BIGRAM           0028-05FF            5D8
        BIGSFR           0D00-0FFF            300
        CODE             0004-0007              4
                         0012-05FF            5EE
                         09F0-3000           2611
        COMRAM           0028-005F             38
        CONFIG           300000-30000D              E
        CONST            0004-0007              4
                         0012-05FF            5EE
                         09F0-3000           2611
        EEDATA           F00000-F000FF            100
        IDLOC            200000-200007              8
        MEDIUMCONST      09F0-3000           2611
        RAM              0060-05FF            100
        SFR              0D00-0FFF            100
        SMALLCONST       09F0-3000            100

                                  Symbol Table

?___awdiv                 cstackCOMRAM 0002
?___awmod                 cstackCOMRAM 000A
_INTCONbits               (abs)        0FF2
_PORTA                    (abs)        0F80
_PORTD                    (abs)        0F83
_T0CONbits                (abs)        0FD5
_TMR0                     (abs)        0FD6
_TMR0IE                   (abs)        7F95
_TMR0IF                   (abs)        7F92
_TRISA                    (abs)        0F92
_TRISD                    (abs)        0F95
__HRAM                    (abs)        0000
__H__absolute__           __absolute__ 0000
__Habs1                   abs1         0000
__Hbank0                  bank0        0000
__Hbank1                  bank1        0000
__Hbank2                  bank2        0000
__Hbank3                  bank3        0000
__Hbank4                  bank4        0000
__Hbank5                  bank5        0000
__Hbigbss                 bigbss       0000
__Hbigdata                bigdata      0000
__Hbigram                 bigram       0000
__Hbigsfr                 bigsfr       0000
__Hbss                    bss          0000
__HbssCOMRAM              bssCOMRAM    0000
__Hcinit                  cinit        0000
__Hclrtext                clrtext      0000
__Hcomram                 comram       0000
__Hconfig                 config       0000
__Hconst                  const        0000
__HcstackCOMRAM           cstackCOMRAM 0000
__Hdata                   data         0000
__HdataCOMRAM             dataCOMRAM   0000
__Heeprom_data            eeprom_data  0000
__Hfarbss                 farbss       0000
__Hfardata                fardata      0000
__Hheap                   heap         0000
__Hibigdata               ibigdata     0000
__Hidata                  idata        0000
__HidataCOMRAM            idataCOMRAM  0000
__Hidloc                  idloc        0000
__Hifardata               ifardata     0000
__Hinit                   init         0012
__Hintcode                intcode      000E
__Hintcode_body           intcode_body 0000
__Hintcodelo              intcodelo    0018
__Hintentry               intentry     0000
__Hintret                 intret       0000
__Hintsave_regs           intsave_regs 0000
__Hirdata                 irdata       0000
__Hmediumconst            mediumconst  0000
__HnvFARRAM               nvFARRAM     0000
__Hnvbit                  nvbit        0000
__Hnvrram                 nvrram       0000
__Hparam                  rparam       0000
__Hpowerup                powerup      0000
__Hram                    ram          0000
__Hramtop                 ramtop       0600
__Hrbit                   rbit         0000
__Hrbss                   rbss         0000
__Hrdata                  rdata        0000
__Hreset_vec              reset_vec    0004
__Hrparam                 rparam       0000
__Hsfr                    sfr          0000
__Hsivt_hi                sivt_hi      0000
__Hsivt_lo                sivt_lo      0018
__Hsmallconst             smallconst   0602
__Hspace_0                (abs)        09F0
__Hspace_1                (abs)        0028
__Hspace_2                (abs)        0000
__Hspace_4                (abs)        0000
__Hstack                  stack        0000
__Hstruct                 struct       0000
__Htemp                   temp         0000
__Htext                   text         0000
__Htext0                  text0        0000
__Htext1                  text1        0000
__Htext2                  text2        0000
__Htext3                  text3        0000
__Htext4                  text4        0000
__Htext5                  text5        0000
__Htext6                  text6        0000
__LRAM                    (abs)        0001
__L__absolute__           __absolute__ 0000
__Labs1                   abs1         0000
__Lbank0                  bank0        0000
__Lbank1                  bank1        0000
__Lbank2                  bank2        0000
__Lbank3                  bank3        0000
__Lbank4                  bank4        0000
__Lbank5                  bank5        0000
__Lbigbss                 bigbss       0000
__Lbigdata                bigdata      0000
__Lbigram                 bigram       0000
__Lbigsfr                 bigsfr       0000
__Lbss                    bss          0000
__LbssCOMRAM              bssCOMRAM    0000
__Lcinit                  cinit        0000
__Lclrtext                clrtext      0000
__Lcomram                 comram       0000
__Lconfig                 config       0000
__Lconst                  const        0000
__LcstackCOMRAM           cstackCOMRAM 0000
__Ldata                   data         0000
__LdataCOMRAM             dataCOMRAM   0000
__Leeprom_data            eeprom_data  0000
__Lfarbss                 farbss       0000
__Lfardata                fardata      0000
__Lheap                   heap         0000
__Libigdata               ibigdata     0000
__Lidata                  idata        0000
__LidataCOMRAM            idataCOMRAM  0000
__Lidloc                  idloc        0000
__Lifardata               ifardata     0000
__Linit                   init         000E
__Lintcode                intcode      0008
__Lintcode_body           intcode_body 0000
__Lintcodelo              intcodelo    0018
__Lintentry               intentry     0000
__Lintret                 intret       0000
__Lintsave_regs           intsave_regs 0000
__Lirdata                 irdata       0000
__Lmediumconst            mediumconst  0000
__LnvFARRAM               nvFARRAM     0000
__Lnvbit                  nvbit        0000
__Lnvrram                 nvrram       0000
__Lparam                  rparam       0000
__Lpowerup                powerup      0000
__Lram                    ram          0000
__Lramtop                 ramtop       0600
__Lrbit                   rbit         0000
__Lrbss                   rbss         0000
__Lrdata                  rdata        0000
__Lreset_vec              reset_vec    0000
__Lrparam                 rparam       0000
__Lsfr                    sfr          0000
__Lsivt_hi                sivt_hi      0000
__Lsivt_lo                sivt_lo      0018
__Lsmallconst             smallconst   0600
__Lspace_0                (abs)        0000
__Lspace_1                (abs)        0000
__Lspace_2                (abs)        0000
__Lspace_4                (abs)        0000
__Lstack                  stack        0000
__Lstruct                 struct       0000
__Ltemp                   temp         0000
__Ltext                   text         0000
__Ltext0                  text0        0000
__Ltext1                  text1        0000
__Ltext2                  text2        0000
__Ltext3                  text3        0000
__Ltext4                  text4        0000
__Ltext5                  text5        0000
__Ltext6                  text6        0000
__S0                      (abs)        09F0
__S1                      (abs)        0028
__S4                      (abs)        0000
__S5                      (abs)        0000
___awdiv                  text6        0718
___awdiv@counter          cstackCOMRAM 0006
___awdiv@dividend         cstackCOMRAM 0002
___awdiv@divisor          cstackCOMRAM 0004
___awdiv@quotient         cstackCOMRAM 0008
___awdiv@sign             cstackCOMRAM 0007
___awmod                  text5        07D8
___awmod@counter          cstackCOMRAM 000E
___awmod@dividend         cstackCOMRAM 000A
___awmod@divisor          cstackCOMRAM 000C
___awmod@sign             cstackCOMRAM 000F
___heap_hi                (abs)        0000
___heap_lo                (abs)        0000
___inthi_sp               stack        0000
___inthi_stack_hi         stack        0000
___inthi_stack_lo         stack        0000
___intlo_sp               stack        0000
___intlo_stack_hi         stack        0000
___intlo_stack_lo         stack        0000
___param_bank             (abs)        0000
___rparam_used            (abs)        0001
___sp                     stack        0000
___stack_hi               stack        0000
___stack_lo               stack        0000
__accesstop               (abs)        0060
__activetblptr            (abs)        0000
__end_of___awdiv          text6        07D8
__end_of___awmod          text5        0886
__end_of__initialization  cinit        09AA
__end_of_display          text4        097E
__end_of_init_config      text1        09F0
__end_of_init_ssd_display text3        09DC
__end_of_init_timer0      text2        09CC
__end_of_isr              intcode_body 091A
__end_of_main             text0        0718
__initialization          cinit        097E
__mediumconst             smallconst   0600
__pbssCOMRAM              bssCOMRAM    0013
__pcinit                  cinit        097E
__pcstackCOMRAM           cstackCOMRAM 0002
__pdataCOMRAM             dataCOMRAM   001E
__pidataCOMRAM            idataCOMRAM  09DC
__pintcode                intcode      0008
__pintcode_body           intcode_body 0886
__psmallconst             smallconst   0600
__ptext0                  text0        0602
__ptext1                  text1        09E6
__ptext2                  text2        09B4
__ptext3                  text3        09CC
__ptext4                  text4        091A
__ptext5                  text5        07D8
__ptext6                  text6        0718
__ramtop                  ramtop       0600
__smallconst              smallconst   0600
_digit                    dataCOMRAM   001E
_display                  text4        091A
_half_sec_flag            bssCOMRAM    0019
_idle_fullsec_count       bssCOMRAM    0013
_idle_halfsec_count       bssCOMRAM    0015
_init_config              text1        09E6
_init_ssd_display         text3        09CC
_init_timer0              text2        09B4
_isr                      intcode      0008
_main                     text0        0602
_one_sec_count            bssCOMRAM    0017
_one_sec_flag             bssCOMRAM    0018
_ssd                      bssCOMRAM    001A
btemp                     (abs)        0001
btemp0                    (abs)        0001
btemp1                    (abs)        0002
display@data              cstackCOMRAM 0002
display@digit             cstackCOMRAM 0007
display@wait              cstackCOMRAM 0005
end_of_initialization     cinit        09AA
int$flags                 (abs)        0001
int_func                  intcode_body 0886
intlevel0                 text         0000
intlevel1                 text         0000
intlevel2                 text         0000
intlevel3                 text         0000
isa$std                   (abs)        0001
isa$xinst                 (abs)        0000
main@dp_flag              cstackCOMRAM 0010
main@hour                 cstackCOMRAM 0011
main@minutes              cstackCOMRAM 0012
stackhi                   (abs)        0000
stacklo                   (abs)        0000
start                     init         000E
start_initialization      cinit        097E


MODULE INFORMATION

Module		Function		Class		Link	Load	Size
C:\Program Files\Microchip\xc8\v3.10\pic\sources\c99\common\awmod.c
		___awmod       		CODE           	07D8	0000	174

C:\Program Files\Microchip\xc8\v3.10\pic\sources\c99\common\awmod.c estimated size: 174

timer.c
		_init_timer0   		CODE           	09B4	0000	24

timer.c estimated size: 24

ssd_display.c
		_display       		CODE           	091A	0000	100
		_init_ssd_display		CODE           	09CC	0000	16

ssd_display.c estimated size: 116

C:\Program Files\Microchip\xc8\v3.10\pic\sources\c99\common\awdiv.c
		___awdiv       		CODE           	0718	0000	192

C:\Program Files\Microchip\xc8\v3.10\pic\sources\c99\common\awdiv.c estimated size: 192

isr.c
		_isr           		CODE           	0008	0000	154

isr.c estimated size: 154

shared
		__initialization		CODE           	097E	0000	44

shared estimated size: 44

main.c
		_main          		CODE           	0602	0000	278
		_init_config   		CODE           	09E6	0000	10

main.c estimated size: 288

